[2025-09-29 17:59:24] Saved https://www.nhc.noaa.gov/storm_graphics/AT08/AL082025_3day_cone_no_line_and_wind_sm2.png to /homepages/4/d194842499/htdocs/weather/2025_weather/active/api/../storms/AL082025/3day_cone_no_line_and_wind.png
[2025-09-29 17:59:25] Saved https://www.nhc.noaa.gov/storm_graphics/AT08/AL082025_5day_cone_no_line_and_wind_sm2.png to /homepages/4/d194842499/htdocs/weather/2025_weather/active/api/../storms/AL082025/5day_cone_no_line_and_wind.png
[2025-09-29 17:59:25] Saved https://www.nhc.noaa.gov/storm_graphics/AT08/AL082025_key_messages_sm2.png to /homepages/4/d194842499/htdocs/weather/2025_weather/active/api/../storms/AL082025/key_messages.png
[2025-09-29 17:59:25] Saved https://www.nhc.noaa.gov/storm_graphics/AT08/AL082025_spanish_key_messages_sm2.png to /homepages/4/d194842499/htdocs/weather/2025_weather/active/api/../storms/AL082025/spanish_key_messages.png
[2025-09-29 17:59:25] Saved https://www.nhc.noaa.gov/storm_graphics/AT08/AL082025_current_wind_sm2.png to /homepages/4/d194842499/htdocs/weather/2025_weather/active/api/../storms/AL082025/current_wind.png
[2025-09-29 17:59:26] Saved https://www.nhc.noaa.gov/storm_graphics/AT08/AL082025_wind_history_sm2.png to /homepages/4/d194842499/htdocs/weather/2025_weather/active/api/../storms/AL082025/wind_history.png
[2025-09-29 17:59:26] Saved https://www.nhc.noaa.gov/storm_graphics/AT08/AL082025_3day_earliest_reasonable_toa_34_sm2.png to /homepages/4/d194842499/htdocs/weather/2025_weather/active/api/../storms/AL082025/3day_earliest_reasonable_toa_34.png
[2025-09-29 17:59:26] Saved https://www.nhc.noaa.gov/storm_graphics/AT08/AL082025_3day_most_likely_toa_34_sm2.png to /homepages/4/d194842499/htdocs/weather/2025_weather/active/api/../storms/AL082025/3day_most_likely_toa_34.png
[2025-09-29 17:59:26] Error saving https://www.nhc.noaa.gov/storm_graphics/AT08/AL082025_peak_surge_sm2.png: Failed to download https://www.nhc.noaa.gov/storm_graphics/AT08/AL082025_peak_surge_sm2.png
[2025-09-29 17:59:27] Error saving https://www.nhc.noaa.gov/storm_graphics/AT08/AL0825WPCQPF_sm2.gif: Failed to download https://www.nhc.noaa.gov/storm_graphics/AT08/AL0825WPCQPF_sm2.gif
[2025-09-29 17:59:27] Error saving https://www.nhc.noaa.gov/storm_graphics/AT08/AL0825INTQPF_sm2.gif: Failed to download https://www.nhc.noaa.gov/storm_graphics/AT08/AL0825INTQPF_sm2.gif
[2025-09-29 17:59:27] Error saving https://www.nhc.noaa.gov/storm_graphics/AT08/AL0825WPCERO_sm2.gif: Failed to download https://www.nhc.noaa.gov/storm_graphics/AT08/AL0825WPCERO_sm2.gif
[2025-09-29 17:59:28] Saved https://www.nhc.noaa.gov/storm_graphics/AT08/AL082025_wind_probs_34_F000_sm2.png to /homepages/4/d194842499/htdocs/weather/2025_weather/active/api/../storms/AL082025/wind_probs_34_F000_sm2.png
[2025-09-29 17:59:28] Saved https://www.nhc.noaa.gov/storm_graphics/AT08/AL082025_wind_probs_34_F012_sm2.png to /homepages/4/d194842499/htdocs/weather/2025_weather/active/api/../storms/AL082025/wind_probs_34_F012_sm2.png
[2025-09-29 17:59:28] Saved https://www.nhc.noaa.gov/storm_graphics/AT08/AL082025_wind_probs_34_F024_sm2.png to /homepages/4/d194842499/htdocs/weather/2025_weather/active/api/../storms/AL082025/wind_probs_34_F024_sm2.png
[2025-09-29 17:59:28] Saved https://www.nhc.noaa.gov/storm_graphics/AT08/AL082025_wind_probs_34_F036_sm2.png to /homepages/4/d194842499/htdocs/weather/2025_weather/active/api/../storms/AL082025/wind_probs_34_F036_sm2.png
[2025-09-29 17:59:29] Saved https://www.nhc.noaa.gov/storm_graphics/AT08/AL082025_wind_probs_34_F048_sm2.png to /homepages/4/d194842499/htdocs/weather/2025_weather/active/api/../storms/AL082025/wind_probs_34_F048_sm2.png
[2025-09-29 17:59:29] Saved https://www.nhc.noaa.gov/storm_graphics/AT08/AL082025_wind_probs_34_F060_sm2.png to /homepages/4/d194842499/htdocs/weather/2025_weather/active/api/../storms/AL082025/wind_probs_34_F060_sm2.png
[2025-09-29 17:59:29] Saved https://www.nhc.noaa.gov/storm_graphics/AT08/AL082025_wind_probs_50_F000_sm2.png to /homepages/4/d194842499/htdocs/weather/2025_weather/active/api/../storms/AL082025/wind_probs_50_F000_sm2.png
[2025-09-29 17:59:30] Saved https://www.nhc.noaa.gov/storm_graphics/AT08/AL082025_wind_probs_50_F012_sm2.png to /homepages/4/d194842499/htdocs/weather/2025_weather/active/api/../storms/AL082025/wind_probs_50_F012_sm2.png
[2025-09-29 17:59:30] Saved https://www.nhc.noaa.gov/storm_graphics/AT08/AL082025_wind_probs_50_F024_sm2.png to /homepages/4/d194842499/htdocs/weather/2025_weather/active/api/../storms/AL082025/wind_probs_50_F024_sm2.png
[2025-09-29 17:59:30] Saved https://www.nhc.noaa.gov/storm_graphics/AT08/AL082025_wind_probs_50_F036_sm2.png to /homepages/4/d194842499/htdocs/weather/2025_weather/active/api/../storms/AL082025/wind_probs_50_F036_sm2.png
[2025-09-29 17:59:30] Saved https://www.nhc.noaa.gov/storm_graphics/AT08/AL082025_wind_probs_50_F048_sm2.png to /homepages/4/d194842499/htdocs/weather/2025_weather/active/api/../storms/AL082025/wind_probs_50_F048_sm2.png
[2025-09-29 17:59:31] Saved https://www.nhc.noaa.gov/storm_graphics/AT08/AL082025_wind_probs_50_F060_sm2.png to /homepages/4/d194842499/htdocs/weather/2025_weather/active/api/../storms/AL082025/wind_probs_50_F060_sm2.png
[2025-09-29 17:59:31] Saved https://www.nhc.noaa.gov/storm_graphics/AT08/AL082025_wind_probs_64_F000_sm2.png to /homepages/4/d194842499/htdocs/weather/2025_weather/active/api/../storms/AL082025/wind_probs_64_F000_sm2.png
[2025-09-29 17:59:31] Saved https://www.nhc.noaa.gov/storm_graphics/AT08/AL082025_wind_probs_64_F012_sm2.png to /homepages/4/d194842499/htdocs/weather/2025_weather/active/api/../storms/AL082025/wind_probs_64_F012_sm2.png
[2025-09-29 17:59:32] Saved https://www.nhc.noaa.gov/storm_graphics/AT08/AL082025_wind_probs_64_F024_sm2.png to /homepages/4/d194842499/htdocs/weather/2025_weather/active/api/../storms/AL082025/wind_probs_64_F024_sm2.png
[2025-09-29 17:59:32] Saved https://www.nhc.noaa.gov/storm_graphics/AT08/AL082025_wind_probs_64_F036_sm2.png to /homepages/4/d194842499/htdocs/weather/2025_weather/active/api/../storms/AL082025/wind_probs_64_F036_sm2.png
[2025-09-29 17:59:32] Saved https://www.nhc.noaa.gov/storm_graphics/AT08/AL082025_wind_probs_64_F048_sm2.png to /homepages/4/d194842499/htdocs/weather/2025_weather/active/api/../storms/AL082025/wind_probs_64_F048_sm2.png
[2025-09-29 17:59:32] Saved https://www.nhc.noaa.gov/storm_graphics/AT08/AL082025_wind_probs_64_F060_sm2.png to /homepages/4/d194842499/htdocs/weather/2025_weather/active/api/../storms/AL082025/wind_probs_64_F060_sm2.png
[2025-09-29 17:59:33] Saved https://www.nhc.noaa.gov/storm_graphics/AT09/AL092025_3day_cone_no_line_and_wind_sm2.png to /homepages/4/d194842499/htdocs/weather/2025_weather/active/api/../storms/AL092025/3day_cone_no_line_and_wind.png
[2025-09-29 17:59:33] Saved https://www.nhc.noaa.gov/storm_graphics/AT09/AL092025_5day_cone_no_line_and_wind_sm2.png to /homepages/4/d194842499/htdocs/weather/2025_weather/active/api/../storms/AL092025/5day_cone_no_line_and_wind.png
[2025-09-29 17:59:33] Saved https://www.nhc.noaa.gov/storm_graphics/AT09/AL092025_key_messages_sm2.png to /homepages/4/d194842499/htdocs/weather/2025_weather/active/api/../storms/AL092025/key_messages.png
[2025-09-29 17:59:34] Saved https://www.nhc.noaa.gov/storm_graphics/AT09/AL092025_spanish_key_messages_sm2.png to /homepages/4/d194842499/htdocs/weather/2025_weather/active/api/../storms/AL092025/spanish_key_messages.png
[2025-09-29 17:59:34] Saved https://www.nhc.noaa.gov/storm_graphics/AT09/AL092025_current_wind_sm2.png to /homepages/4/d194842499/htdocs/weather/2025_weather/active/api/../storms/AL092025/current_wind.png
[2025-09-29 17:59:34] Saved https://www.nhc.noaa.gov/storm_graphics/AT09/AL092025_wind_history_sm2.png to /homepages/4/d194842499/htdocs/weather/2025_weather/active/api/../storms/AL092025/wind_history.png
[2025-09-29 17:59:34] Saved https://www.nhc.noaa.gov/storm_graphics/AT09/AL092025_3day_earliest_reasonable_toa_34_sm2.png to /homepages/4/d194842499/htdocs/weather/2025_weather/active/api/../storms/AL092025/3day_earliest_reasonable_toa_34.png
[2025-09-29 17:59:35] Saved https://www.nhc.noaa.gov/storm_graphics/AT09/AL092025_3day_most_likely_toa_34_sm2.png to /homepages/4/d194842499/htdocs/weather/2025_weather/active/api/../storms/AL092025/3day_most_likely_toa_34.png
[2025-09-29 17:59:35] Error saving https://www.nhc.noaa.gov/storm_graphics/AT09/AL092025_peak_surge_sm2.png: Failed to download https://www.nhc.noaa.gov/storm_graphics/AT09/AL092025_peak_surge_sm2.png
[2025-09-29 17:59:35] Saved https://www.nhc.noaa.gov/storm_graphics/AT09/AL0925WPCQPF_sm2.gif to /homepages/4/d194842499/htdocs/weather/2025_weather/active/api/../storms/AL092025/WPCQPF.gif
[2025-09-29 17:59:36] Saved https://www.nhc.noaa.gov/storm_graphics/AT09/AL0925INTQPF_sm2.gif to /homepages/4/d194842499/htdocs/weather/2025_weather/active/api/../storms/AL092025/INTQPF.gif
[2025-09-29 17:59:36] Saved https://www.nhc.noaa.gov/storm_graphics/AT09/AL0925WPCERO_sm2.gif to /homepages/4/d194842499/htdocs/weather/2025_weather/active/api/../storms/AL092025/WPCERO.gif
[2025-09-29 17:59:36] Saved https://www.nhc.noaa.gov/storm_graphics/AT09/AL092025_wind_probs_34_F000_sm2.png to /homepages/4/d194842499/htdocs/weather/2025_weather/active/api/../storms/AL092025/wind_probs_34_F000_sm2.png
[2025-09-29 17:59:36] Saved https://www.nhc.noaa.gov/storm_graphics/AT09/AL092025_wind_probs_34_F012_sm2.png to /homepages/4/d194842499/htdocs/weather/2025_weather/active/api/../storms/AL092025/wind_probs_34_F012_sm2.png
[2025-09-29 17:59:37] Saved https://www.nhc.noaa.gov/storm_graphics/AT09/AL092025_wind_probs_34_F024_sm2.png to /homepages/4/d194842499/htdocs/weather/2025_weather/active/api/../storms/AL092025/wind_probs_34_F024_sm2.png
[2025-09-29 17:59:37] Saved https://www.nhc.noaa.gov/storm_graphics/AT09/AL092025_wind_probs_34_F036_sm2.png to /homepages/4/d194842499/htdocs/weather/2025_weather/active/api/../storms/AL092025/wind_probs_34_F036_sm2.png
[2025-09-29 17:59:37] Saved https://www.nhc.noaa.gov/storm_graphics/AT09/AL092025_wind_probs_34_F048_sm2.png to /homepages/4/d194842499/htdocs/weather/2025_weather/active/api/../storms/AL092025/wind_probs_34_F048_sm2.png
[2025-09-29 17:59:37] Saved https://www.nhc.noaa.gov/storm_graphics/AT09/AL092025_wind_probs_34_F060_sm2.png to /homepages/4/d194842499/htdocs/weather/2025_weather/active/api/../storms/AL092025/wind_probs_34_F060_sm2.png
[2025-09-29 17:59:38] Saved https://www.nhc.noaa.gov/storm_graphics/AT09/AL092025_wind_probs_50_F000_sm2.png to /homepages/4/d194842499/htdocs/weather/2025_weather/active/api/../storms/AL092025/wind_probs_50_F000_sm2.png
[2025-09-29 17:59:38] Saved https://www.nhc.noaa.gov/storm_graphics/AT09/AL092025_wind_probs_50_F012_sm2.png to /homepages/4/d194842499/htdocs/weather/2025_weather/active/api/../storms/AL092025/wind_probs_50_F012_sm2.png
[2025-09-29 17:59:38] Saved https://www.nhc.noaa.gov/storm_graphics/AT09/AL092025_wind_probs_50_F024_sm2.png to /homepages/4/d194842499/htdocs/weather/2025_weather/active/api/../storms/AL092025/wind_probs_50_F024_sm2.png
[2025-09-29 17:59:39] Saved https://www.nhc.noaa.gov/storm_graphics/AT09/AL092025_wind_probs_50_F036_sm2.png to /homepages/4/d194842499/htdocs/weather/2025_weather/active/api/../storms/AL092025/wind_probs_50_F036_sm2.png
[2025-09-29 17:59:39] Saved https://www.nhc.noaa.gov/storm_graphics/AT09/AL092025_wind_probs_50_F048_sm2.png to /homepages/4/d194842499/htdocs/weather/2025_weather/active/api/../storms/AL092025/wind_probs_50_F048_sm2.png
[2025-09-29 17:59:39] Saved https://www.nhc.noaa.gov/storm_graphics/AT09/AL092025_wind_probs_50_F060_sm2.png to /homepages/4/d194842499/htdocs/weather/2025_weather/active/api/../storms/AL092025/wind_probs_50_F060_sm2.png
[2025-09-29 17:59:39] Saved https://www.nhc.noaa.gov/storm_graphics/AT09/AL092025_wind_probs_64_F000_sm2.png to /homepages/4/d194842499/htdocs/weather/2025_weather/active/api/../storms/AL092025/wind_probs_64_F000_sm2.png
[2025-09-29 17:59:40] Saved https://www.nhc.noaa.gov/storm_graphics/AT09/AL092025_wind_probs_64_F012_sm2.png to /homepages/4/d194842499/htdocs/weather/2025_weather/active/api/../storms/AL092025/wind_probs_64_F012_sm2.png
[2025-09-29 17:59:40] Saved https://www.nhc.noaa.gov/storm_graphics/AT09/AL092025_wind_probs_64_F024_sm2.png to /homepages/4/d194842499/htdocs/weather/2025_weather/active/api/../storms/AL092025/wind_probs_64_F024_sm2.png
[2025-09-29 17:59:40] Saved https://www.nhc.noaa.gov/storm_graphics/AT09/AL092025_wind_probs_64_F036_sm2.png to /homepages/4/d194842499/htdocs/weather/2025_weather/active/api/../storms/AL092025/wind_probs_64_F036_sm2.png
[2025-09-29 17:59:41] Saved https://www.nhc.noaa.gov/storm_graphics/AT09/AL092025_wind_probs_64_F048_sm2.png to /homepages/4/d194842499/htdocs/weather/2025_weather/active/api/../storms/AL092025/wind_probs_64_F048_sm2.png
[2025-09-29 17:59:41] Saved https://www.nhc.noaa.gov/storm_graphics/AT09/AL092025_wind_probs_64_F060_sm2.png to /homepages/4/d194842499/htdocs/weather/2025_weather/active/api/../storms/AL092025/wind_probs_64_F060_sm2.png
[2025-09-29 17:59:41] Done. 55 images saved.
[2025-09-29 18:07:01] Saved https://www.nhc.noaa.gov/storm_graphics/AT08/AL082025_3day_cone_no_line_and_wind_sm2.png to /homepages/4/d194842499/htdocs/weather/2025_weather/active/api/../storms/AL082025/3day_cone_no_line_and_wind.png
[2025-09-29 18:07:02] Saved https://www.nhc.noaa.gov/storm_graphics/AT08/AL082025_5day_cone_no_line_and_wind_sm2.png to /homepages/4/d194842499/htdocs/weather/2025_weather/active/api/../storms/AL082025/5day_cone_no_line_and_wind.png
[2025-09-29 18:07:02] Saved https://www.nhc.noaa.gov/storm_graphics/AT08/AL082025_key_messages_sm2.png to /homepages/4/d194842499/htdocs/weather/2025_weather/active/api/../storms/AL082025/key_messages.png
[2025-09-29 18:07:02] Saved https://www.nhc.noaa.gov/storm_graphics/AT08/AL082025_spanish_key_messages_sm2.png to /homepages/4/d194842499/htdocs/weather/2025_weather/active/api/../storms/AL082025/spanish_key_messages.png
[2025-09-29 18:07:02] Saved https://www.nhc.noaa.gov/storm_graphics/AT08/AL082025_current_wind_sm2.png to /homepages/4/d194842499/htdocs/weather/2025_weather/active/api/../storms/AL082025/current_wind.png
[2025-09-29 18:07:03] Saved https://www.nhc.noaa.gov/storm_graphics/AT08/AL082025_wind_history_sm2.png to /homepages/4/d194842499/htdocs/weather/2025_weather/active/api/../storms/AL082025/wind_history.png
[2025-09-29 18:07:03] Saved https://www.nhc.noaa.gov/storm_graphics/AT08/AL082025_3day_earliest_reasonable_toa_34_sm2.png to /homepages/4/d194842499/htdocs/weather/2025_weather/active/api/../storms/AL082025/3day_earliest_reasonable_toa_34.png
[2025-09-29 18:07:03] Saved https://www.nhc.noaa.gov/storm_graphics/AT08/AL082025_3day_most_likely_toa_34_sm2.png to /homepages/4/d194842499/htdocs/weather/2025_weather/active/api/../storms/AL082025/3day_most_likely_toa_34.png
[2025-09-29 18:07:04] Error saving https://www.nhc.noaa.gov/storm_graphics/AT08/AL082025_peak_surge_sm2.png: Failed to download https://www.nhc.noaa.gov/storm_graphics/AT08/AL082025_peak_surge_sm2.png
[2025-09-29 18:07:04] Error saving https://www.nhc.noaa.gov/storm_graphics/AT08/AL0825WPCQPF_sm2.gif: Failed to download https://www.nhc.noaa.gov/storm_graphics/AT08/AL0825WPCQPF_sm2.gif
[2025-09-29 18:07:04] Error saving https://www.nhc.noaa.gov/storm_graphics/AT08/AL0825INTQPF_sm2.gif: Failed to download https://www.nhc.noaa.gov/storm_graphics/AT08/AL0825INTQPF_sm2.gif
[2025-09-29 18:07:04] Error saving https://www.nhc.noaa.gov/storm_graphics/AT08/AL0825WPCERO_sm2.gif: Failed to download https://www.nhc.noaa.gov/storm_graphics/AT08/AL0825WPCERO_sm2.gif
[2025-09-29 18:07:05] Saved https://www.nhc.noaa.gov/storm_graphics/AT08/AL082025_wind_probs_34_F000_sm2.png to /homepages/4/d194842499/htdocs/weather/2025_weather/active/api/../storms/AL082025/wind_probs_34_F000_sm2.png
[2025-09-29 18:07:05] Saved https://www.nhc.noaa.gov/storm_graphics/AT08/AL082025_wind_probs_34_F012_sm2.png to /homepages/4/d194842499/htdocs/weather/2025_weather/active/api/../storms/AL082025/wind_probs_34_F012_sm2.png
[2025-09-29 18:07:05] Saved https://www.nhc.noaa.gov/storm_graphics/AT08/AL082025_wind_probs_34_F024_sm2.png to /homepages/4/d194842499/htdocs/weather/2025_weather/active/api/../storms/AL082025/wind_probs_34_F024_sm2.png
[2025-09-29 18:07:05] Saved https://www.nhc.noaa.gov/storm_graphics/AT08/AL082025_wind_probs_34_F036_sm2.png to /homepages/4/d194842499/htdocs/weather/2025_weather/active/api/../storms/AL082025/wind_probs_34_F036_sm2.png
[2025-09-29 18:07:06] Saved https://www.nhc.noaa.gov/storm_graphics/AT08/AL082025_wind_probs_34_F048_sm2.png to /homepages/4/d194842499/htdocs/weather/2025_weather/active/api/../storms/AL082025/wind_probs_34_F048_sm2.png
[2025-09-29 18:07:06] Saved https://www.nhc.noaa.gov/storm_graphics/AT08/AL082025_wind_probs_34_F060_sm2.png to /homepages/4/d194842499/htdocs/weather/2025_weather/active/api/../storms/AL082025/wind_probs_34_F060_sm2.png
[2025-09-29 18:07:06] Saved https://www.nhc.noaa.gov/storm_graphics/AT08/AL082025_wind_probs_50_F000_sm2.png to /homepages/4/d194842499/htdocs/weather/2025_weather/active/api/../storms/AL082025/wind_probs_50_F000_sm2.png
[2025-09-29 18:07:07] Saved https://www.nhc.noaa.gov/storm_graphics/AT08/AL082025_wind_probs_50_F012_sm2.png to /homepages/4/d194842499/htdocs/weather/2025_weather/active/api/../storms/AL082025/wind_probs_50_F012_sm2.png
[2025-09-29 18:07:07] Saved https://www.nhc.noaa.gov/storm_graphics/AT08/AL082025_wind_probs_50_F024_sm2.png to /homepages/4/d194842499/htdocs/weather/2025_weather/active/api/../storms/AL082025/wind_probs_50_F024_sm2.png
[2025-09-29 18:07:07] Saved https://www.nhc.noaa.gov/storm_graphics/AT08/AL082025_wind_probs_50_F036_sm2.png to /homepages/4/d194842499/htdocs/weather/2025_weather/active/api/../storms/AL082025/wind_probs_50_F036_sm2.png
[2025-09-29 18:07:07] Saved https://www.nhc.noaa.gov/storm_graphics/AT08/AL082025_wind_probs_50_F048_sm2.png to /homepages/4/d194842499/htdocs/weather/2025_weather/active/api/../storms/AL082025/wind_probs_50_F048_sm2.png
[2025-09-29 18:07:08] Saved https://www.nhc.noaa.gov/storm_graphics/AT08/AL082025_wind_probs_50_F060_sm2.png to /homepages/4/d194842499/htdocs/weather/2025_weather/active/api/../storms/AL082025/wind_probs_50_F060_sm2.png
[2025-09-29 18:07:08] Saved https://www.nhc.noaa.gov/storm_graphics/AT08/AL082025_wind_probs_64_F000_sm2.png to /homepages/4/d194842499/htdocs/weather/2025_weather/active/api/../storms/AL082025/wind_probs_64_F000_sm2.png
[2025-09-29 18:07:08] Saved https://www.nhc.noaa.gov/storm_graphics/AT08/AL082025_wind_probs_64_F012_sm2.png to /homepages/4/d194842499/htdocs/weather/2025_weather/active/api/../storms/AL082025/wind_probs_64_F012_sm2.png
[2025-09-29 18:07:08] Saved https://www.nhc.noaa.gov/storm_graphics/AT08/AL082025_wind_probs_64_F024_sm2.png to /homepages/4/d194842499/htdocs/weather/2025_weather/active/api/../storms/AL082025/wind_probs_64_F024_sm2.png
[2025-09-29 18:07:09] Saved https://www.nhc.noaa.gov/storm_graphics/AT08/AL082025_wind_probs_64_F036_sm2.png to /homepages/4/d194842499/htdocs/weather/2025_weather/active/api/../storms/AL082025/wind_probs_64_F036_sm2.png
[2025-09-29 18:07:09] Saved https://www.nhc.noaa.gov/storm_graphics/AT08/AL082025_wind_probs_64_F048_sm2.png to /homepages/4/d194842499/htdocs/weather/2025_weather/active/api/../storms/AL082025/wind_probs_64_F048_sm2.png
[2025-09-29 18:07:09] Saved https://www.nhc.noaa.gov/storm_graphics/AT08/AL082025_wind_probs_64_F060_sm2.png to /homepages/4/d194842499/htdocs/weather/2025_weather/active/api/../storms/AL082025/wind_probs_64_F060_sm2.png
[2025-09-29 18:07:10] Saved https://www.nhc.noaa.gov/storm_graphics/AT09/AL092025_3day_cone_no_line_and_wind_sm2.png to /homepages/4/d194842499/htdocs/weather/2025_weather/active/api/../storms/AL092025/3day_cone_no_line_and_wind.png
[2025-09-29 18:07:10] Saved https://www.nhc.noaa.gov/storm_graphics/AT09/AL092025_5day_cone_no_line_and_wind_sm2.png to /homepages/4/d194842499/htdocs/weather/2025_weather/active/api/../storms/AL092025/5day_cone_no_line_and_wind.png
[2025-09-29 18:07:10] Saved https://www.nhc.noaa.gov/storm_graphics/AT09/AL092025_key_messages_sm2.png to /homepages/4/d194842499/htdocs/weather/2025_weather/active/api/../storms/AL092025/key_messages.png
[2025-09-29 18:07:11] Saved https://www.nhc.noaa.gov/storm_graphics/AT09/AL092025_spanish_key_messages_sm2.png to /homepages/4/d194842499/htdocs/weather/2025_weather/active/api/../storms/AL092025/spanish_key_messages.png
[2025-09-29 18:07:11] Saved https://www.nhc.noaa.gov/storm_graphics/AT09/AL092025_current_wind_sm2.png to /homepages/4/d194842499/htdocs/weather/2025_weather/active/api/../storms/AL092025/current_wind.png
[2025-09-29 18:07:11] Saved https://www.nhc.noaa.gov/storm_graphics/AT09/AL092025_wind_history_sm2.png to /homepages/4/d194842499/htdocs/weather/2025_weather/active/api/../storms/AL092025/wind_history.png
[2025-09-29 18:07:11] Saved https://www.nhc.noaa.gov/storm_graphics/AT09/AL092025_3day_earliest_reasonable_toa_34_sm2.png to /homepages/4/d194842499/htdocs/weather/2025_weather/active/api/../storms/AL092025/3day_earliest_reasonable_toa_34.png
[2025-09-29 18:07:12] Saved https://www.nhc.noaa.gov/storm_graphics/AT09/AL092025_3day_most_likely_toa_34_sm2.png to /homepages/4/d194842499/htdocs/weather/2025_weather/active/api/../storms/AL092025/3day_most_likely_toa_34.png
[2025-09-29 18:07:12] Error saving https://www.nhc.noaa.gov/storm_graphics/AT09/AL092025_peak_surge_sm2.png: Failed to download https://www.nhc.noaa.gov/storm_graphics/AT09/AL092025_peak_surge_sm2.png
[2025-09-29 18:07:12] Saved https://www.nhc.noaa.gov/storm_graphics/AT09/AL0925WPCQPF_sm2.gif to /homepages/4/d194842499/htdocs/weather/2025_weather/active/api/../storms/AL092025/WPCQPF.gif
[2025-09-29 18:07:13] Saved https://www.nhc.noaa.gov/storm_graphics/AT09/AL0925INTQPF_sm2.gif to /homepages/4/d194842499/htdocs/weather/2025_weather/active/api/../storms/AL092025/INTQPF.gif
[2025-09-29 18:07:13] Saved https://www.nhc.noaa.gov/storm_graphics/AT09/AL0925WPCERO_sm2.gif to /homepages/4/d194842499/htdocs/weather/2025_weather/active/api/../storms/AL092025/WPCERO.gif
[2025-09-29 18:07:13] Saved https://www.nhc.noaa.gov/storm_graphics/AT09/AL092025_wind_probs_34_F000_sm2.png to /homepages/4/d194842499/htdocs/weather/2025_weather/active/api/../storms/AL092025/wind_probs_34_F000_sm2.png
[2025-09-29 18:07:13] Saved https://www.nhc.noaa.gov/storm_graphics/AT09/AL092025_wind_probs_34_F012_sm2.png to /homepages/4/d194842499/htdocs/weather/2025_weather/active/api/../storms/AL092025/wind_probs_34_F012_sm2.png
[2025-09-29 18:07:14] Saved https://www.nhc.noaa.gov/storm_graphics/AT09/AL092025_wind_probs_34_F024_sm2.png to /homepages/4/d194842499/htdocs/weather/2025_weather/active/api/../storms/AL092025/wind_probs_34_F024_sm2.png
[2025-09-29 18:07:14] Saved https://www.nhc.noaa.gov/storm_graphics/AT09/AL092025_wind_probs_34_F036_sm2.png to /homepages/4/d194842499/htdocs/weather/2025_weather/active/api/../storms/AL092025/wind_probs_34_F036_sm2.png
[2025-09-29 18:07:14] Saved https://www.nhc.noaa.gov/storm_graphics/AT09/AL092025_wind_probs_34_F048_sm2.png to /homepages/4/d194842499/htdocs/weather/2025_weather/active/api/../storms/AL092025/wind_probs_34_F048_sm2.png
[2025-09-29 18:07:15] Saved https://www.nhc.noaa.gov/storm_graphics/AT09/AL092025_wind_probs_34_F060_sm2.png to /homepages/4/d194842499/htdocs/weather/2025_weather/active/api/../storms/AL092025/wind_probs_34_F060_sm2.png
[2025-09-29 18:07:15] Saved https://www.nhc.noaa.gov/storm_graphics/AT09/AL092025_wind_probs_50_F000_sm2.png to /homepages/4/d194842499/htdocs/weather/2025_weather/active/api/../storms/AL092025/wind_probs_50_F000_sm2.png
[2025-09-29 18:07:15] Saved https://www.nhc.noaa.gov/storm_graphics/AT09/AL092025_wind_probs_50_F012_sm2.png to /homepages/4/d194842499/htdocs/weather/2025_weather/active/api/../storms/AL092025/wind_probs_50_F012_sm2.png
[2025-09-29 18:07:15] Saved https://www.nhc.noaa.gov/storm_graphics/AT09/AL092025_wind_probs_50_F024_sm2.png to /homepages/4/d194842499/htdocs/weather/2025_weather/active/api/../storms/AL092025/wind_probs_50_F024_sm2.png
[2025-09-29 18:07:16] Saved https://www.nhc.noaa.gov/storm_graphics/AT09/AL092025_wind_probs_50_F036_sm2.png to /homepages/4/d194842499/htdocs/weather/2025_weather/active/api/../storms/AL092025/wind_probs_50_F036_sm2.png
[2025-09-29 18:07:16] Saved https://www.nhc.noaa.gov/storm_graphics/AT09/AL092025_wind_probs_50_F048_sm2.png to /homepages/4/d194842499/htdocs/weather/2025_weather/active/api/../storms/AL092025/wind_probs_50_F048_sm2.png
[2025-09-29 18:07:16] Saved https://www.nhc.noaa.gov/storm_graphics/AT09/AL092025_wind_probs_50_F060_sm2.png to /homepages/4/d194842499/htdocs/weather/2025_weather/active/api/../storms/AL092025/wind_probs_50_F060_sm2.png
[2025-09-29 18:07:16] Saved https://www.nhc.noaa.gov/storm_graphics/AT09/AL092025_wind_probs_64_F000_sm2.png to /homepages/4/d194842499/htdocs/weather/2025_weather/active/api/../storms/AL092025/wind_probs_64_F000_sm2.png
[2025-09-29 18:07:17] Saved https://www.nhc.noaa.gov/storm_graphics/AT09/AL092025_wind_probs_64_F012_sm2.png to /homepages/4/d194842499/htdocs/weather/2025_weather/active/api/../storms/AL092025/wind_probs_64_F012_sm2.png
[2025-09-29 18:07:17] Saved https://www.nhc.noaa.gov/storm_graphics/AT09/AL092025_wind_probs_64_F024_sm2.png to /homepages/4/d194842499/htdocs/weather/2025_weather/active/api/../storms/AL092025/wind_probs_64_F024_sm2.png
[2025-09-29 18:07:17] Saved https://www.nhc.noaa.gov/storm_graphics/AT09/AL092025_wind_probs_64_F036_sm2.png to /homepages/4/d194842499/htdocs/weather/2025_weather/active/api/../storms/AL092025/wind_probs_64_F036_sm2.png
[2025-09-29 18:07:18] Saved https://www.nhc.noaa.gov/storm_graphics/AT09/AL092025_wind_probs_64_F048_sm2.png to /homepages/4/d194842499/htdocs/weather/2025_weather/active/api/../storms/AL092025/wind_probs_64_F048_sm2.png
[2025-09-29 18:07:18] Saved https://www.nhc.noaa.gov/storm_graphics/AT09/AL092025_wind_probs_64_F060_sm2.png to /homepages/4/d194842499/htdocs/weather/2025_weather/active/api/../storms/AL092025/wind_probs_64_F060_sm2.png
[2025-09-29 18:07:18] Done. 55 images saved.
[2025-09-29 18:45:11] Done. 0 images saved.
[2025-09-29 19:07:02] Done. 0 images saved.
[2025-09-29 20:07:01] Done. 0 images saved.
[2025-09-29 21:07:01] Done. 0 images saved.
[2025-09-29 22:07:01] Done. 0 images saved.
[2025-09-29 23:07:01] Done. 0 images saved.
[2025-09-29 23:59:17] Done. 0 images saved.
[2025-09-30 00:01:07] Done. 0 images saved.
[2025-09-30 00:05:52] Saved https://www.nhc.noaa.gov/storm_graphics/AT08/AL082025_3day_cone_no_line_and_wind_sm2.png to /homepages/4/d194842499/htdocs/weather/2025_weather/active/api/../storms/AL082025/3day_cone_no_line_and_wind.png
[2025-09-30 00:05:52] Saved https://www.nhc.noaa.gov/storm_graphics/AT08/AL082025_5day_cone_no_line_and_wind_sm2.png to /homepages/4/d194842499/htdocs/weather/2025_weather/active/api/../storms/AL082025/5day_cone_no_line_and_wind.png
[2025-09-30 00:05:52] Saved https://www.nhc.noaa.gov/storm_graphics/AT08/AL082025_key_messages_sm2.png to /homepages/4/d194842499/htdocs/weather/2025_weather/active/api/../storms/AL082025/key_messages.png
[2025-09-30 00:05:52] Saved https://www.nhc.noaa.gov/storm_graphics/AT08/AL082025_spanish_key_messages_sm2.png to /homepages/4/d194842499/htdocs/weather/2025_weather/active/api/../storms/AL082025/spanish_key_messages.png
[2025-09-30 00:05:52] Saved https://www.nhc.noaa.gov/storm_graphics/AT08/AL082025_current_wind_sm2.png to /homepages/4/d194842499/htdocs/weather/2025_weather/active/api/../storms/AL082025/current_wind.png
[2025-09-30 00:05:52] Saved https://www.nhc.noaa.gov/storm_graphics/AT08/AL082025_wind_history_sm2.png to /homepages/4/d194842499/htdocs/weather/2025_weather/active/api/../storms/AL082025/wind_history.png
[2025-09-30 00:05:52] Saved https://www.nhc.noaa.gov/storm_graphics/AT08/AL082025_3day_earliest_reasonable_toa_34_sm2.png to /homepages/4/d194842499/htdocs/weather/2025_weather/active/api/../storms/AL082025/3day_earliest_reasonable_toa_34.png
[2025-09-30 00:05:52] Saved https://www.nhc.noaa.gov/storm_graphics/AT08/AL082025_3day_most_likely_toa_34_sm2.png to /homepages/4/d194842499/htdocs/weather/2025_weather/active/api/../storms/AL082025/3day_most_likely_toa_34.png
[2025-09-30 00:05:52] Error saving https://www.nhc.noaa.gov/storm_graphics/AT08/AL082025_peak_surge_sm2.png: Failed to download https://www.nhc.noaa.gov/storm_graphics/AT08/AL082025_peak_surge_sm2.png
[2025-09-30 00:05:52] Error saving https://www.nhc.noaa.gov/storm_graphics/AT08/AL0825WPCQPF_sm2.gif: Failed to download https://www.nhc.noaa.gov/storm_graphics/AT08/AL0825WPCQPF_sm2.gif
[2025-09-30 00:05:52] Error saving https://www.nhc.noaa.gov/storm_graphics/AT08/AL0825INTQPF_sm2.gif: Failed to download https://www.nhc.noaa.gov/storm_graphics/AT08/AL0825INTQPF_sm2.gif
[2025-09-30 00:05:53] Error saving https://www.nhc.noaa.gov/storm_graphics/AT08/AL0825WPCERO_sm2.gif: Failed to download https://www.nhc.noaa.gov/storm_graphics/AT08/AL0825WPCERO_sm2.gif
[2025-09-30 00:05:53] Saved https://www.nhc.noaa.gov/storm_graphics/AT08/AL082025_wind_probs_34_F000_sm2.png to /homepages/4/d194842499/htdocs/weather/2025_weather/active/api/../storms/AL082025/wind_probs_34_F000_sm2.png
[2025-09-30 00:05:53] Saved https://www.nhc.noaa.gov/storm_graphics/AT08/AL082025_wind_probs_34_F012_sm2.png to /homepages/4/d194842499/htdocs/weather/2025_weather/active/api/../storms/AL082025/wind_probs_34_F012_sm2.png
[2025-09-30 00:05:53] Saved https://www.nhc.noaa.gov/storm_graphics/AT08/AL082025_wind_probs_34_F024_sm2.png to /homepages/4/d194842499/htdocs/weather/2025_weather/active/api/../storms/AL082025/wind_probs_34_F024_sm2.png
[2025-09-30 00:05:53] Saved https://www.nhc.noaa.gov/storm_graphics/AT08/AL082025_wind_probs_34_F036_sm2.png to /homepages/4/d194842499/htdocs/weather/2025_weather/active/api/../storms/AL082025/wind_probs_34_F036_sm2.png
[2025-09-30 00:05:53] Saved https://www.nhc.noaa.gov/storm_graphics/AT08/AL082025_wind_probs_34_F048_sm2.png to /homepages/4/d194842499/htdocs/weather/2025_weather/active/api/../storms/AL082025/wind_probs_34_F048_sm2.png
[2025-09-30 00:05:53] Saved https://www.nhc.noaa.gov/storm_graphics/AT08/AL082025_wind_probs_34_F060_sm2.png to /homepages/4/d194842499/htdocs/weather/2025_weather/active/api/../storms/AL082025/wind_probs_34_F060_sm2.png
[2025-09-30 00:05:53] Saved https://www.nhc.noaa.gov/storm_graphics/AT08/AL082025_wind_probs_50_F000_sm2.png to /homepages/4/d194842499/htdocs/weather/2025_weather/active/api/../storms/AL082025/wind_probs_50_F000_sm2.png
[2025-09-30 00:05:53] Saved https://www.nhc.noaa.gov/storm_graphics/AT08/AL082025_wind_probs_50_F012_sm2.png to /homepages/4/d194842499/htdocs/weather/2025_weather/active/api/../storms/AL082025/wind_probs_50_F012_sm2.png
[2025-09-30 00:05:53] Saved https://www.nhc.noaa.gov/storm_graphics/AT08/AL082025_wind_probs_50_F024_sm2.png to /homepages/4/d194842499/htdocs/weather/2025_weather/active/api/../storms/AL082025/wind_probs_50_F024_sm2.png
[2025-09-30 00:05:54] Saved https://www.nhc.noaa.gov/storm_graphics/AT08/AL082025_wind_probs_50_F036_sm2.png to /homepages/4/d194842499/htdocs/weather/2025_weather/active/api/../storms/AL082025/wind_probs_50_F036_sm2.png
[2025-09-30 00:05:54] Saved https://www.nhc.noaa.gov/storm_graphics/AT08/AL082025_wind_probs_50_F048_sm2.png to /homepages/4/d194842499/htdocs/weather/2025_weather/active/api/../storms/AL082025/wind_probs_50_F048_sm2.png
[2025-09-30 00:05:54] Saved https://www.nhc.noaa.gov/storm_graphics/AT08/AL082025_wind_probs_50_F060_sm2.png to /homepages/4/d194842499/htdocs/weather/2025_weather/active/api/../storms/AL082025/wind_probs_50_F060_sm2.png
[2025-09-30 00:05:54] Saved https://www.nhc.noaa.gov/storm_graphics/AT08/AL082025_wind_probs_64_F000_sm2.png to /homepages/4/d194842499/htdocs/weather/2025_weather/active/api/../storms/AL082025/wind_probs_64_F000_sm2.png
[2025-09-30 00:05:54] Saved https://www.nhc.noaa.gov/storm_graphics/AT08/AL082025_wind_probs_64_F012_sm2.png to /homepages/4/d194842499/htdocs/weather/2025_weather/active/api/../storms/AL082025/wind_probs_64_F012_sm2.png
[2025-09-30 00:05:54] Saved https://www.nhc.noaa.gov/storm_graphics/AT08/AL082025_wind_probs_64_F024_sm2.png to /homepages/4/d194842499/htdocs/weather/2025_weather/active/api/../storms/AL082025/wind_probs_64_F024_sm2.png
[2025-09-30 00:05:54] Saved https://www.nhc.noaa.gov/storm_graphics/AT08/AL082025_wind_probs_64_F036_sm2.png to /homepages/4/d194842499/htdocs/weather/2025_weather/active/api/../storms/AL082025/wind_probs_64_F036_sm2.png
[2025-09-30 00:05:54] Saved https://www.nhc.noaa.gov/storm_graphics/AT08/AL082025_wind_probs_64_F048_sm2.png to /homepages/4/d194842499/htdocs/weather/2025_weather/active/api/../storms/AL082025/wind_probs_64_F048_sm2.png
[2025-09-30 00:05:54] Saved https://www.nhc.noaa.gov/storm_graphics/AT08/AL082025_wind_probs_64_F060_sm2.png to /homepages/4/d194842499/htdocs/weather/2025_weather/active/api/../storms/AL082025/wind_probs_64_F060_sm2.png
[2025-09-30 00:05:55] Saved https://www.nhc.noaa.gov/storm_graphics/AT09/AL092025_3day_cone_no_line_and_wind_sm2.png to /homepages/4/d194842499/htdocs/weather/2025_weather/active/api/../storms/AL092025/3day_cone_no_line_and_wind.png
[2025-09-30 00:05:55] Saved https://www.nhc.noaa.gov/storm_graphics/AT09/AL092025_5day_cone_no_line_and_wind_sm2.png to /homepages/4/d194842499/htdocs/weather/2025_weather/active/api/../storms/AL092025/5day_cone_no_line_and_wind.png
[2025-09-30 00:05:55] Saved https://www.nhc.noaa.gov/storm_graphics/AT09/AL092025_key_messages_sm2.png to /homepages/4/d194842499/htdocs/weather/2025_weather/active/api/../storms/AL092025/key_messages.png
[2025-09-30 00:05:55] Saved https://www.nhc.noaa.gov/storm_graphics/AT09/AL092025_spanish_key_messages_sm2.png to /homepages/4/d194842499/htdocs/weather/2025_weather/active/api/../storms/AL092025/spanish_key_messages.png
[2025-09-30 00:05:55] Saved https://www.nhc.noaa.gov/storm_graphics/AT09/AL092025_current_wind_sm2.png to /homepages/4/d194842499/htdocs/weather/2025_weather/active/api/../storms/AL092025/current_wind.png
[2025-09-30 00:05:55] Saved https://www.nhc.noaa.gov/storm_graphics/AT09/AL092025_wind_history_sm2.png to /homepages/4/d194842499/htdocs/weather/2025_weather/active/api/../storms/AL092025/wind_history.png
[2025-09-30 00:05:55] Saved https://www.nhc.noaa.gov/storm_graphics/AT09/AL092025_3day_earliest_reasonable_toa_34_sm2.png to /homepages/4/d194842499/htdocs/weather/2025_weather/active/api/../storms/AL092025/3day_earliest_reasonable_toa_34.png
[2025-09-30 00:05:55] Saved https://www.nhc.noaa.gov/storm_graphics/AT09/AL092025_3day_most_likely_toa_34_sm2.png to /homepages/4/d194842499/htdocs/weather/2025_weather/active/api/../storms/AL092025/3day_most_likely_toa_34.png
[2025-09-30 00:05:55] Error saving https://www.nhc.noaa.gov/storm_graphics/AT09/AL092025_peak_surge_sm2.png: Failed to download https://www.nhc.noaa.gov/storm_graphics/AT09/AL092025_peak_surge_sm2.png
[2025-09-30 00:05:55] Saved https://www.nhc.noaa.gov/storm_graphics/AT09/AL0925WPCQPF_sm2.gif to /homepages/4/d194842499/htdocs/weather/2025_weather/active/api/../storms/AL092025/WPCQPF.gif
[2025-09-30 00:05:56] Saved https://www.nhc.noaa.gov/storm_graphics/AT09/AL0925INTQPF_sm2.gif to /homepages/4/d194842499/htdocs/weather/2025_weather/active/api/../storms/AL092025/INTQPF.gif
[2025-09-30 00:05:56] Saved https://www.nhc.noaa.gov/storm_graphics/AT09/AL0925WPCERO_sm2.gif to /homepages/4/d194842499/htdocs/weather/2025_weather/active/api/../storms/AL092025/WPCERO.gif
[2025-09-30 00:05:56] Saved https://www.nhc.noaa.gov/storm_graphics/AT09/AL092025_wind_probs_34_F000_sm2.png to /homepages/4/d194842499/htdocs/weather/2025_weather/active/api/../storms/AL092025/wind_probs_34_F000_sm2.png
[2025-09-30 00:05:56] Saved https://www.nhc.noaa.gov/storm_graphics/AT09/AL092025_wind_probs_34_F012_sm2.png to /homepages/4/d194842499/htdocs/weather/2025_weather/active/api/../storms/AL092025/wind_probs_34_F012_sm2.png
[2025-09-30 00:05:56] Saved https://www.nhc.noaa.gov/storm_graphics/AT09/AL092025_wind_probs_34_F024_sm2.png to /homepages/4/d194842499/htdocs/weather/2025_weather/active/api/../storms/AL092025/wind_probs_34_F024_sm2.png
[2025-09-30 00:05:56] Saved https://www.nhc.noaa.gov/storm_graphics/AT09/AL092025_wind_probs_34_F036_sm2.png to /homepages/4/d194842499/htdocs/weather/2025_weather/active/api/../storms/AL092025/wind_probs_34_F036_sm2.png
[2025-09-30 00:05:56] Saved https://www.nhc.noaa.gov/storm_graphics/AT09/AL092025_wind_probs_34_F048_sm2.png to /homepages/4/d194842499/htdocs/weather/2025_weather/active/api/../storms/AL092025/wind_probs_34_F048_sm2.png
[2025-09-30 00:05:56] Saved https://www.nhc.noaa.gov/storm_graphics/AT09/AL092025_wind_probs_34_F060_sm2.png to /homepages/4/d194842499/htdocs/weather/2025_weather/active/api/../storms/AL092025/wind_probs_34_F060_sm2.png
[2025-09-30 00:05:56] Saved https://www.nhc.noaa.gov/storm_graphics/AT09/AL092025_wind_probs_50_F000_sm2.png to /homepages/4/d194842499/htdocs/weather/2025_weather/active/api/../storms/AL092025/wind_probs_50_F000_sm2.png
[2025-09-30 00:05:56] Saved https://www.nhc.noaa.gov/storm_graphics/AT09/AL092025_wind_probs_50_F012_sm2.png to /homepages/4/d194842499/htdocs/weather/2025_weather/active/api/../storms/AL092025/wind_probs_50_F012_sm2.png
[2025-09-30 00:05:57] Saved https://www.nhc.noaa.gov/storm_graphics/AT09/AL092025_wind_probs_50_F024_sm2.png to /homepages/4/d194842499/htdocs/weather/2025_weather/active/api/../storms/AL092025/wind_probs_50_F024_sm2.png
[2025-09-30 00:05:57] Saved https://www.nhc.noaa.gov/storm_graphics/AT09/AL092025_wind_probs_50_F036_sm2.png to /homepages/4/d194842499/htdocs/weather/2025_weather/active/api/../storms/AL092025/wind_probs_50_F036_sm2.png
[2025-09-30 00:05:57] Saved https://www.nhc.noaa.gov/storm_graphics/AT09/AL092025_wind_probs_50_F048_sm2.png to /homepages/4/d194842499/htdocs/weather/2025_weather/active/api/../storms/AL092025/wind_probs_50_F048_sm2.png
[2025-09-30 00:05:57] Saved https://www.nhc.noaa.gov/storm_graphics/AT09/AL092025_wind_probs_50_F060_sm2.png to /homepages/4/d194842499/htdocs/weather/2025_weather/active/api/../storms/AL092025/wind_probs_50_F060_sm2.png
[2025-09-30 00:05:57] Saved https://www.nhc.noaa.gov/storm_graphics/AT09/AL092025_wind_probs_64_F000_sm2.png to /homepages/4/d194842499/htdocs/weather/2025_weather/active/api/../storms/AL092025/wind_probs_64_F000_sm2.png
[2025-09-30 00:05:57] Saved https://www.nhc.noaa.gov/storm_graphics/AT09/AL092025_wind_probs_64_F012_sm2.png to /homepages/4/d194842499/htdocs/weather/2025_weather/active/api/../storms/AL092025/wind_probs_64_F012_sm2.png
[2025-09-30 00:05:57] Saved https://www.nhc.noaa.gov/storm_graphics/AT09/AL092025_wind_probs_64_F024_sm2.png to /homepages/4/d194842499/htdocs/weather/2025_weather/active/api/../storms/AL092025/wind_probs_64_F024_sm2.png
[2025-09-30 00:05:57] Saved https://www.nhc.noaa.gov/storm_graphics/AT09/AL092025_wind_probs_64_F036_sm2.png to /homepages/4/d194842499/htdocs/weather/2025_weather/active/api/../storms/AL092025/wind_probs_64_F036_sm2.png
[2025-09-30 00:05:57] Saved https://www.nhc.noaa.gov/storm_graphics/AT09/AL092025_wind_probs_64_F048_sm2.png to /homepages/4/d194842499/htdocs/weather/2025_weather/active/api/../storms/AL092025/wind_probs_64_F048_sm2.png
[2025-09-30 00:05:57] Saved https://www.nhc.noaa.gov/storm_graphics/AT09/AL092025_wind_probs_64_F060_sm2.png to /homepages/4/d194842499/htdocs/weather/2025_weather/active/api/../storms/AL092025/wind_probs_64_F060_sm2.png
[2025-09-30 00:05:57] Done. 55 images saved.
[2025-09-30 00:07:01] Saved https://www.nhc.noaa.gov/storm_graphics/AT08/AL082025_3day_cone_no_line_and_wind_sm2.png to /homepages/4/d194842499/htdocs/weather/2025_weather/active/api/../storms/AL082025/3day_cone_no_line_and_wind.png
[2025-09-30 00:07:01] Saved https://www.nhc.noaa.gov/storm_graphics/AT08/AL082025_5day_cone_no_line_and_wind_sm2.png to /homepages/4/d194842499/htdocs/weather/2025_weather/active/api/../storms/AL082025/5day_cone_no_line_and_wind.png
[2025-09-30 00:07:01] Saved https://www.nhc.noaa.gov/storm_graphics/AT08/AL082025_key_messages_sm2.png to /homepages/4/d194842499/htdocs/weather/2025_weather/active/api/../storms/AL082025/key_messages.png
[2025-09-30 00:07:02] Saved https://www.nhc.noaa.gov/storm_graphics/AT08/AL082025_spanish_key_messages_sm2.png to /homepages/4/d194842499/htdocs/weather/2025_weather/active/api/../storms/AL082025/spanish_key_messages.png
[2025-09-30 00:07:02] Saved https://www.nhc.noaa.gov/storm_graphics/AT08/AL082025_current_wind_sm2.png to /homepages/4/d194842499/htdocs/weather/2025_weather/active/api/../storms/AL082025/current_wind.png
[2025-09-30 00:07:02] Saved https://www.nhc.noaa.gov/storm_graphics/AT08/AL082025_wind_history_sm2.png to /homepages/4/d194842499/htdocs/weather/2025_weather/active/api/../storms/AL082025/wind_history.png
[2025-09-30 00:07:02] Saved https://www.nhc.noaa.gov/storm_graphics/AT08/AL082025_3day_earliest_reasonable_toa_34_sm2.png to /homepages/4/d194842499/htdocs/weather/2025_weather/active/api/../storms/AL082025/3day_earliest_reasonable_toa_34.png
[2025-09-30 00:07:02] Saved https://www.nhc.noaa.gov/storm_graphics/AT08/AL082025_3day_most_likely_toa_34_sm2.png to /homepages/4/d194842499/htdocs/weather/2025_weather/active/api/../storms/AL082025/3day_most_likely_toa_34.png
[2025-09-30 00:07:02] Error saving https://www.nhc.noaa.gov/storm_graphics/AT08/AL082025_peak_surge_sm2.png: Failed to download https://www.nhc.noaa.gov/storm_graphics/AT08/AL082025_peak_surge_sm2.png
[2025-09-30 00:07:02] Error saving https://www.nhc.noaa.gov/storm_graphics/AT08/AL0825WPCQPF_sm2.gif: Failed to download https://www.nhc.noaa.gov/storm_graphics/AT08/AL0825WPCQPF_sm2.gif
[2025-09-30 00:07:02] Error saving https://www.nhc.noaa.gov/storm_graphics/AT08/AL0825INTQPF_sm2.gif: Failed to download https://www.nhc.noaa.gov/storm_graphics/AT08/AL0825INTQPF_sm2.gif
[2025-09-30 00:07:02] Error saving https://www.nhc.noaa.gov/storm_graphics/AT08/AL0825WPCERO_sm2.gif: Failed to download https://www.nhc.noaa.gov/storm_graphics/AT08/AL0825WPCERO_sm2.gif
[2025-09-30 00:07:02] Saved https://www.nhc.noaa.gov/storm_graphics/AT08/AL082025_wind_probs_34_F000_sm2.png to /homepages/4/d194842499/htdocs/weather/2025_weather/active/api/../storms/AL082025/wind_probs_34_F000_sm2.png
[2025-09-30 00:07:02] Saved https://www.nhc.noaa.gov/storm_graphics/AT08/AL082025_wind_probs_34_F012_sm2.png to /homepages/4/d194842499/htdocs/weather/2025_weather/active/api/../storms/AL082025/wind_probs_34_F012_sm2.png
[2025-09-30 00:07:03] Saved https://www.nhc.noaa.gov/storm_graphics/AT08/AL082025_wind_probs_34_F024_sm2.png to /homepages/4/d194842499/htdocs/weather/2025_weather/active/api/../storms/AL082025/wind_probs_34_F024_sm2.png
[2025-09-30 00:07:03] Saved https://www.nhc.noaa.gov/storm_graphics/AT08/AL082025_wind_probs_34_F036_sm2.png to /homepages/4/d194842499/htdocs/weather/2025_weather/active/api/../storms/AL082025/wind_probs_34_F036_sm2.png
[2025-09-30 00:07:03] Saved https://www.nhc.noaa.gov/storm_graphics/AT08/AL082025_wind_probs_34_F048_sm2.png to /homepages/4/d194842499/htdocs/weather/2025_weather/active/api/../storms/AL082025/wind_probs_34_F048_sm2.png
[2025-09-30 00:07:03] Saved https://www.nhc.noaa.gov/storm_graphics/AT08/AL082025_wind_probs_34_F060_sm2.png to /homepages/4/d194842499/htdocs/weather/2025_weather/active/api/../storms/AL082025/wind_probs_34_F060_sm2.png
[2025-09-30 00:07:03] Saved https://www.nhc.noaa.gov/storm_graphics/AT08/AL082025_wind_probs_50_F000_sm2.png to /homepages/4/d194842499/htdocs/weather/2025_weather/active/api/../storms/AL082025/wind_probs_50_F000_sm2.png
[2025-09-30 00:07:03] Saved https://www.nhc.noaa.gov/storm_graphics/AT08/AL082025_wind_probs_50_F012_sm2.png to /homepages/4/d194842499/htdocs/weather/2025_weather/active/api/../storms/AL082025/wind_probs_50_F012_sm2.png
[2025-09-30 00:07:03] Saved https://www.nhc.noaa.gov/storm_graphics/AT08/AL082025_wind_probs_50_F024_sm2.png to /homepages/4/d194842499/htdocs/weather/2025_weather/active/api/../storms/AL082025/wind_probs_50_F024_sm2.png
[2025-09-30 00:07:03] Saved https://www.nhc.noaa.gov/storm_graphics/AT08/AL082025_wind_probs_50_F036_sm2.png to /homepages/4/d194842499/htdocs/weather/2025_weather/active/api/../storms/AL082025/wind_probs_50_F036_sm2.png
[2025-09-30 00:07:03] Saved https://www.nhc.noaa.gov/storm_graphics/AT08/AL082025_wind_probs_50_F048_sm2.png to /homepages/4/d194842499/htdocs/weather/2025_weather/active/api/../storms/AL082025/wind_probs_50_F048_sm2.png
[2025-09-30 00:07:03] Saved https://www.nhc.noaa.gov/storm_graphics/AT08/AL082025_wind_probs_50_F060_sm2.png to /homepages/4/d194842499/htdocs/weather/2025_weather/active/api/../storms/AL082025/wind_probs_50_F060_sm2.png
[2025-09-30 00:07:03] Saved https://www.nhc.noaa.gov/storm_graphics/AT08/AL082025_wind_probs_64_F000_sm2.png to /homepages/4/d194842499/htdocs/weather/2025_weather/active/api/../storms/AL082025/wind_probs_64_F000_sm2.png
[2025-09-30 00:07:03] Saved https://www.nhc.noaa.gov/storm_graphics/AT08/AL082025_wind_probs_64_F012_sm2.png to /homepages/4/d194842499/htdocs/weather/2025_weather/active/api/../storms/AL082025/wind_probs_64_F012_sm2.png
[2025-09-30 00:07:04] Saved https://www.nhc.noaa.gov/storm_graphics/AT08/AL082025_wind_probs_64_F024_sm2.png to /homepages/4/d194842499/htdocs/weather/2025_weather/active/api/../storms/AL082025/wind_probs_64_F024_sm2.png
[2025-09-30 00:07:04] Saved https://www.nhc.noaa.gov/storm_graphics/AT08/AL082025_wind_probs_64_F036_sm2.png to /homepages/4/d194842499/htdocs/weather/2025_weather/active/api/../storms/AL082025/wind_probs_64_F036_sm2.png
[2025-09-30 00:07:04] Saved https://www.nhc.noaa.gov/storm_graphics/AT08/AL082025_wind_probs_64_F048_sm2.png to /homepages/4/d194842499/htdocs/weather/2025_weather/active/api/../storms/AL082025/wind_probs_64_F048_sm2.png
[2025-09-30 00:07:04] Saved https://www.nhc.noaa.gov/storm_graphics/AT08/AL082025_wind_probs_64_F060_sm2.png to /homepages/4/d194842499/htdocs/weather/2025_weather/active/api/../storms/AL082025/wind_probs_64_F060_sm2.png
[2025-09-30 00:07:04] Saved https://www.nhc.noaa.gov/storm_graphics/AT09/AL092025_3day_cone_no_line_and_wind_sm2.png to /homepages/4/d194842499/htdocs/weather/2025_weather/active/api/../storms/AL092025/3day_cone_no_line_and_wind.png
[2025-09-30 00:07:04] Saved https://www.nhc.noaa.gov/storm_graphics/AT09/AL092025_5day_cone_no_line_and_wind_sm2.png to /homepages/4/d194842499/htdocs/weather/2025_weather/active/api/../storms/AL092025/5day_cone_no_line_and_wind.png
[2025-09-30 00:07:04] Saved https://www.nhc.noaa.gov/storm_graphics/AT09/AL092025_key_messages_sm2.png to /homepages/4/d194842499/htdocs/weather/2025_weather/active/api/../storms/AL092025/key_messages.png
[2025-09-30 00:07:04] Saved https://www.nhc.noaa.gov/storm_graphics/AT09/AL092025_spanish_key_messages_sm2.png to /homepages/4/d194842499/htdocs/weather/2025_weather/active/api/../storms/AL092025/spanish_key_messages.png
[2025-09-30 00:07:04] Saved https://www.nhc.noaa.gov/storm_graphics/AT09/AL092025_current_wind_sm2.png to /homepages/4/d194842499/htdocs/weather/2025_weather/active/api/../storms/AL092025/current_wind.png
[2025-09-30 00:07:04] Saved https://www.nhc.noaa.gov/storm_graphics/AT09/AL092025_wind_history_sm2.png to /homepages/4/d194842499/htdocs/weather/2025_weather/active/api/../storms/AL092025/wind_history.png
[2025-09-30 00:07:05] Saved https://www.nhc.noaa.gov/storm_graphics/AT09/AL092025_3day_earliest_reasonable_toa_34_sm2.png to /homepages/4/d194842499/htdocs/weather/2025_weather/active/api/../storms/AL092025/3day_earliest_reasonable_toa_34.png
[2025-09-30 00:07:05] Saved https://www.nhc.noaa.gov/storm_graphics/AT09/AL092025_3day_most_likely_toa_34_sm2.png to /homepages/4/d194842499/htdocs/weather/2025_weather/active/api/../storms/AL092025/3day_most_likely_toa_34.png
[2025-09-30 00:07:05] Error saving https://www.nhc.noaa.gov/storm_graphics/AT09/AL092025_peak_surge_sm2.png: Failed to download https://www.nhc.noaa.gov/storm_graphics/AT09/AL092025_peak_surge_sm2.png
[2025-09-30 00:07:05] Saved https://www.nhc.noaa.gov/storm_graphics/AT09/AL0925WPCQPF_sm2.gif to /homepages/4/d194842499/htdocs/weather/2025_weather/active/api/../storms/AL092025/WPCQPF.gif
[2025-09-30 00:07:05] Saved https://www.nhc.noaa.gov/storm_graphics/AT09/AL0925INTQPF_sm2.gif to /homepages/4/d194842499/htdocs/weather/2025_weather/active/api/../storms/AL092025/INTQPF.gif
[2025-09-30 00:07:05] Saved https://www.nhc.noaa.gov/storm_graphics/AT09/AL0925WPCERO_sm2.gif to /homepages/4/d194842499/htdocs/weather/2025_weather/active/api/../storms/AL092025/WPCERO.gif
[2025-09-30 00:07:05] Saved https://www.nhc.noaa.gov/storm_graphics/AT09/AL092025_wind_probs_34_F000_sm2.png to /homepages/4/d194842499/htdocs/weather/2025_weather/active/api/../storms/AL092025/wind_probs_34_F000_sm2.png
[2025-09-30 00:07:05] Saved https://www.nhc.noaa.gov/storm_graphics/AT09/AL092025_wind_probs_34_F012_sm2.png to /homepages/4/d194842499/htdocs/weather/2025_weather/active/api/../storms/AL092025/wind_probs_34_F012_sm2.png
[2025-09-30 00:07:05] Saved https://www.nhc.noaa.gov/storm_graphics/AT09/AL092025_wind_probs_34_F024_sm2.png to /homepages/4/d194842499/htdocs/weather/2025_weather/active/api/../storms/AL092025/wind_probs_34_F024_sm2.png
[2025-09-30 00:07:05] Saved https://www.nhc.noaa.gov/storm_graphics/AT09/AL092025_wind_probs_34_F036_sm2.png to /homepages/4/d194842499/htdocs/weather/2025_weather/active/api/../storms/AL092025/wind_probs_34_F036_sm2.png
[2025-09-30 00:07:05] Saved https://www.nhc.noaa.gov/storm_graphics/AT09/AL092025_wind_probs_34_F048_sm2.png to /homepages/4/d194842499/htdocs/weather/2025_weather/active/api/../storms/AL092025/wind_probs_34_F048_sm2.png
[2025-09-30 00:07:06] Saved https://www.nhc.noaa.gov/storm_graphics/AT09/AL092025_wind_probs_34_F060_sm2.png to /homepages/4/d194842499/htdocs/weather/2025_weather/active/api/../storms/AL092025/wind_probs_34_F060_sm2.png
[2025-09-30 00:07:06] Saved https://www.nhc.noaa.gov/storm_graphics/AT09/AL092025_wind_probs_50_F000_sm2.png to /homepages/4/d194842499/htdocs/weather/2025_weather/active/api/../storms/AL092025/wind_probs_50_F000_sm2.png
[2025-09-30 00:07:06] Saved https://www.nhc.noaa.gov/storm_graphics/AT09/AL092025_wind_probs_50_F012_sm2.png to /homepages/4/d194842499/htdocs/weather/2025_weather/active/api/../storms/AL092025/wind_probs_50_F012_sm2.png
[2025-09-30 00:07:06] Saved https://www.nhc.noaa.gov/storm_graphics/AT09/AL092025_wind_probs_50_F024_sm2.png to /homepages/4/d194842499/htdocs/weather/2025_weather/active/api/../storms/AL092025/wind_probs_50_F024_sm2.png
[2025-09-30 00:07:06] Saved https://www.nhc.noaa.gov/storm_graphics/AT09/AL092025_wind_probs_50_F036_sm2.png to /homepages/4/d194842499/htdocs/weather/2025_weather/active/api/../storms/AL092025/wind_probs_50_F036_sm2.png
[2025-09-30 00:07:06] Saved https://www.nhc.noaa.gov/storm_graphics/AT09/AL092025_wind_probs_50_F048_sm2.png to /homepages/4/d194842499/htdocs/weather/2025_weather/active/api/../storms/AL092025/wind_probs_50_F048_sm2.png
[2025-09-30 00:07:06] Saved https://www.nhc.noaa.gov/storm_graphics/AT09/AL092025_wind_probs_50_F060_sm2.png to /homepages/4/d194842499/htdocs/weather/2025_weather/active/api/../storms/AL092025/wind_probs_50_F060_sm2.png
[2025-09-30 00:07:06] Saved https://www.nhc.noaa.gov/storm_graphics/AT09/AL092025_wind_probs_64_F000_sm2.png to /homepages/4/d194842499/htdocs/weather/2025_weather/active/api/../storms/AL092025/wind_probs_64_F000_sm2.png
[2025-09-30 00:07:06] Saved https://www.nhc.noaa.gov/storm_graphics/AT09/AL092025_wind_probs_64_F012_sm2.png to /homepages/4/d194842499/htdocs/weather/2025_weather/active/api/../storms/AL092025/wind_probs_64_F012_sm2.png
[2025-09-30 00:07:07] Saved https://www.nhc.noaa.gov/storm_graphics/AT09/AL092025_wind_probs_64_F024_sm2.png to /homepages/4/d194842499/htdocs/weather/2025_weather/active/api/../storms/AL092025/wind_probs_64_F024_sm2.png
[2025-09-30 00:07:07] Saved https://www.nhc.noaa.gov/storm_graphics/AT09/AL092025_wind_probs_64_F036_sm2.png to /homepages/4/d194842499/htdocs/weather/2025_weather/active/api/../storms/AL092025/wind_probs_64_F036_sm2.png
[2025-09-30 00:07:07] Saved https://www.nhc.noaa.gov/storm_graphics/AT09/AL092025_wind_probs_64_F048_sm2.png to /homepages/4/d194842499/htdocs/weather/2025_weather/active/api/../storms/AL092025/wind_probs_64_F048_sm2.png
[2025-09-30 00:07:07] Saved https://www.nhc.noaa.gov/storm_graphics/AT09/AL092025_wind_probs_64_F060_sm2.png to /homepages/4/d194842499/htdocs/weather/2025_weather/active/api/../storms/AL092025/wind_probs_64_F060_sm2.png
[2025-09-30 00:07:07] Done. 55 images saved.
